     1                                  ; function5.asm
     2                                  extern printf
     3                                  section .data				
     4 00000000 41                      	first	db	"A"					
     5 00000001 42                      	second	db	"B"
     6 00000002 43                      	third	db	"C"
     7 00000003 44                      	fourth	db	"D"			
     8 00000004 45                      	fifth	db	"E"
     9 00000005 46                              sixth	db	"F"
    10 00000006 47                              seventh	db	"G"
    11 00000007 48                              eighth  db      "H"
    12 00000008 49                              ninth   db      "I"
    13 00000009 4A                              tenth   db      "J"
    14 0000000A 54686520737472696E-      	fmt	db	"The string is: %s",10,0 
    14 00000013 672069733A2025730A-
    14 0000001C 00                 
    15                                  section .bss
    16 00000000 <res Bh>                	flist resb	11          ;length of string plus end 0
    17                                  section .text									
    18                                  	global main						
    19                                  main:
    20 00000000 55                      	push rbp
    21 00000001 4889E5                      mov rbp, rsp
    22 00000004 48BF-                   	mov rdi, flist		; length			
    22 00000006 [0000000000000000] 
    23 0000000E 48BE-                   	mov rsi, first		; the correct registers
    23 00000010 [0000000000000000] 
    24 00000018 48BA-                   	mov rdx, second
    24 0000001A [0100000000000000] 
    25 00000022 48B9-                   	mov rcx, third			
    25 00000024 [0200000000000000] 
    26 0000002C 49B8-                   	mov r8, fourth
    26 0000002E [0300000000000000] 
    27 00000036 49B9-                           mov r9, fifth
    27 00000038 [0400000000000000] 
    28 00000040 68[09000000]                    push tenth		; now start pushing in
    29 00000045 68[08000000]                    push ninth		; reverse order
    30 0000004A 68[07000000]                    push eighth
    31 0000004F 68[06000000]                    push seventh
    32 00000054 68[05000000]            	push sixth
    33 00000059 E824000000              	call lfunc		;call the function
    34                                  		; print the result
    35 0000005E 48BF-                   		mov rdi, fmt
    35 00000060 [0A00000000000000] 
    36 00000068 48BE-                                   mov rsi, flist
    36 0000006A [0000000000000000] 
    37 00000072 B800000000              		mov rax, 0
    38 00000077 4883E4F0                	and rsp,0xfffffffffffffff0 ;16 byte align stack
    39                                  
    40 0000007B E8(00000000)            	call printf
    41 00000080 C9                      leave
    42 00000081 C3                      ret	
    43                                  ;---------------------------------------------------------------------------											
    44                                  lfunc:	
    45 00000082 55                      	push rbp
    46 00000083 4889E5                    	mov rbp,rsp
    47 00000086 4831C0                          xor rax,rax             ;clear rax (especially higher bits)
    48 00000089 8A06                            mov al,byte[rsi]               ; move content argument to al
    49 0000008B 8807                    	mov [rdi], al             ; store al to memory 
    50 0000008D 8A02                            mov al, byte[rdx]          
    51 0000008F 884701                  	mov [rdi+1], al           
    52 00000092 8A01                            mov al, byte[rcx]
    53 00000094 884702                  	mov [rdi+2], al
    54 00000097 418A00                          mov al, byte[r8]
    55 0000009A 884703                  	mov [rdi+3], al
    56 0000009D 418A01                          mov al, byte[r9]
    57 000000A0 884704                  	mov [rdi+4], al
    58 000000A3 4831DB                          xor rbx,rbx
    59 000000A6 488B4510                        mov rax, qword [rbp+16] ;initial stack + rip + rbp
    60 000000AA 8A18                            mov bl,[rax]
    61 000000AC 885F05                  	mov [rdi+5], bl
    62 000000AF 488B4518                        mov rax, qword [rbp+24]
    63 000000B3 8A18                            mov bl,[rax]
    64 000000B5 885F06                  	mov [rdi+6], bl
    65 000000B8 488B4520                        mov rax, qword [rbp+32]
    66 000000BC 8A18                            mov bl,[rax]
    67 000000BE 885F07                  	mov [rdi+7], bl
    68 000000C1 488B4528                        mov rax, qword [rbp+40]
    69 000000C5 8A18                            mov bl,[rax]
    70 000000C7 885F08                  	mov [rdi+8], bl
    71 000000CA 488B4530                        mov rax, qword [rbp+48]
    72 000000CE 8A18                            mov bl,[rax]
    73 000000D0 885F09                  	mov [rdi+9], bl
    74 000000D3 B300                            mov bl,0
    75 000000D5 885F0A                  	mov [rdi+10], bl
    76                                  
    77 000000D8 4889EC                  mov rsp,rbp
    78 000000DB 5D                      pop rbp
    79 000000DC C3                      ret									
