     1                                  section .data
     2                                  section .bss
     3                                  section .text
     4                                  
     5                                  global r_area
     6                                  
     7                                  r_area:
     8                                  	section .text
     9                                  
    10 00000000 55                      	push rbp
    11 00000001 4889E5                  	mov rbp,rsp
    12                                  
    13 00000004 4889F0                  	mov rax,rsi
    14 00000007 480FAFC7                	imul rax,rdi
    15                                  
    16 0000000B 4889EC                  	mov rsp,rbp
    17 0000000E 5D                      	pop rbp
    18 0000000F C3                      	ret
    19                                  
    20                                  global r_circum:
    21                                  
    22                                  r_circum:
    23                                  	section .text
    24                                  
    25 00000010 55                      	push rbp
    26 00000011 4889E5                  	mov rbp,rsp
    27                                  
    28 00000014 4889F8                  	mov rax,rdi
    29 00000017 4801F8                  	add rax,rdi
    30 0000001A 4801C0                  	add rax,rax
    31                                  
    32 0000001D 4889EC                  	mov rsp,rbp
    33 00000020 5D                      	pop rbp
    34 00000021 C3                      	ret
