     1                                  extern printf
     2                                  
     3                                  section .data
     4                                  
     5 00000000 2A00000000000000        	number1 dq 42
     6 00000008 2900000000000000        	number2 dq 41
     7 00000010 4E554D42455231203E-     	fmt1 db "NUMBER1 > = NUMBER2",10,0
     7 00000019 203D204E554D424552-
     7 00000022 320A00             
     8 00000025 4E554D42455231203C-     	fmt2 db "NUMBER1 < NUMBER2",10,0
     8 0000002E 204E554D424552320A-
     8 00000037 00                 
     9                                  
    10                                  section .bss
    11                                  section .text
    12                                  
    13                                  	global main
    14                                  
    15                                  main:
    16 00000000 55                      	push rbp
    17 00000001 4889E5                  	mov rbp,rsp
    18                                  
    19 00000004 488B0425[00000000]      	mov rax,[number1]
    20 0000000C 488B1C25[08000000]      	mov rbx, [number2]
    21 00000014 4839D8                  	cmp rax,rbx
    22 00000017 7D16                    	jge greater ;rax grater or equal
    23                                  
    24 00000019 48BF-                   mov rdi, fmt2 ;rax is smaller
    24 0000001B [2500000000000000] 
    25 00000023 B800000000              mov rax,0
    26 00000028 E8(00000000)            	call printf
    27 0000002D EB14                    	jmp exit
    28                                  
    29                                  greater:
    30 0000002F 48BF-                   	mov rdi,fmt1 ;rax is greater
    30 00000031 [1000000000000000] 
    31 00000039 B800000000              	mov rax,0
    32 0000003E E8(00000000)            	call printf
    33                                  exit:
    34 00000043 4889EC                  	mov rsp,rbp
    35 00000046 5D                      	pop rbp
    36 00000047 C3                      	ret
