     1                                  
     2                                  extern printf
     3                                  
     4                                  section .data
     5 00000000 0000000000002440        	radius dq 10.0
     6 00000008 1F85EB51B81E0940        	pi dq 3.14
     7 00000010 746865206172656120-     	fmt db "the area of the circle is %.2f",10,0
     7 00000019 6F6620746865206369-
     7 00000022 72636C652069732025-
     7 0000002B 2E32660A00         
     8                                  
     9                                  section .bss
    10                                  section .text
    11                                  	global main
    12                                  
    13                                  main:
    14 00000000 55                      	push rbp
    15 00000001 4889E5                  	mov rbp,rsp
    16                                  
    17 00000004 E81F000000              	call area
    18 00000009 48BF-                   	mov rdi,fmt
    18 0000000B [1000000000000000] 
    19 00000013 F20F100C25-             	movsd xmm1,[radius]
    19 00000018 [00000000]         
    20 0000001C B801000000              	mov rax,1
    21 00000021 E8(00000000)            	call printf
    22                                  
    23 00000026 C9                      	leave
    24 00000027 C3                      	ret
    25                                  
    26                                  area:
    27 00000028 55                      	push rbp
    28 00000029 4889E5                  	mov rbp,rsp
    29                                  
    30 0000002C F20F100425-             	movsd xmm0,[radius]
    30 00000031 [00000000]         
    31 00000035 F20F590425-             	mulsd xmm0,[radius]
    31 0000003A [00000000]         
    32 0000003E F20F590425-             	mulsd xmm0,[pi]
    32 00000043 [08000000]         
    33                                  	
    34 00000047 C9                      	leave
    35 00000048 C3                      	ret
