     1                                  
     2                                  section .data
     3                                  
     4 00000000 7B                          bNum db 123
     5 00000001 3930                        wNum dw 12345
     6 00000003 0000<rep 5h>                warray times 5 dw 0 ;array of 5 words containing 0
     7                                  
     8 0000000D 39300000                    dNum dd 12345
     9 00000011 3930000000000000            qNum dq 12345
    10 00000019 61626300                    text1 db "abc",0
    11 0000001D 0D957B50FB210940            qNum2 dq 3.1415926254
    12 00000025 63646500                    text2 db "cde",0
    13                                  
    14                                  section .bss
    15 00000000 ??                          bvar resb 1
    16 00000001 ????????                    dvar resd 1
    17 00000005 <res 14h>                   wvar resw 10
    18 00000019 <res 18h>                   qvar resq 3
    19                                  
    20                                  section .text
    21                                  
    22                                      global main
    23                                  
    24                                  main:
    25 00000000 55                              push rbp
    26 00000001 4889E5                          mov rbp,rsp
    27                                  
    28 00000004 488D0425[00000000]              lea rax,[bNum] ;load address of bNum in rax
    29 0000000C 48B8-                           mov rax,bNum ; load address of bNum in rax
    29 0000000E [0000000000000000] 
    30 00000016 488B0425[00000000]              mov rax,[bNum] ;load balue of bNm in rax
    31 0000001E 48890425[00000000]              mov [bvar],rax ;load from rax at address bvar
    32 00000026 488D0425[00000000]              lea rax,[bvar] ;load address of bvar in rax
    33 0000002E 488D0425[01000000]              lea rax,[wNum], ;load address of wNum in rax
    34 00000036 488B0425[01000000]              mov rax,[wNum]; load content of wNum in rax
    35 0000003E 488D0425[19000000]              lea rax,[text1]; load address of text in rax
    36 00000046 48B8-                           mov rax,text1 ;load address of text1 in rax
    36 00000048 [1900000000000000] 
    37 00000050 48B8-                           mov rax,text1+1 ;load second character in rax
    37 00000052 [1A00000000000000] 
    38 0000005A 488D0425[1A000000]              lea rax,[text1+1]; load second character in rax
    39 00000062 488B0425[19000000]              mov rax,[text1] ;load starting at text1 in rax
    40 0000006A 488B0425[1A000000]              mov rax,[text1+1]; load starting at text1+1 in rax
    41 00000072 4889EC                          mov rsp,rbp
    42 00000075 5D                              pop rbp
    43 00000076 C3                              ret
