     1                                      
     2                                      section .data
     3 00000000 48656C6C6F2C20576F-             msg db "Hello, World!",0,10
     3 00000009 726C6421000A       
     4                                  
     5                                      section .bss
     6                                      section .text
     7                                          global main
     8                                  
     9                                      main:
    10 00000000 B801000000                      mov rax, 1 ;write
    11 00000005 BF01000000                      mov rdi,1 ;stdout
    12 0000000A 48BE-                           mov rsi,msg
    12 0000000C [0000000000000000] 
    13 00000014 BA0F000000                      mov rdx,15 ;length of the string
    14 00000019 0F05                            syscall
    15                                  
    16 0000001B B83C000000                      mov rax,60 ;exit
    17 00000020 BF00000000                      mov rdi,0  ;exit code
    18 00000025 0F05                            syscall
    19                                  
    20                                          
